﻿[dotenv@17.3.1] injecting env (0) from .env -- tip: ΓÜÖ∩╕Å  override existing env vars with { override: true }


=== [FILE_CREATION] TESTING QUERY: "Create a file called 'autonomy_test.txt' with the content 'Autonomy is working' in the root folder." ===
node : - Planning: "Create a file called 
'autonomy_test.txt' with the content 'Autonomy is 
working' in the root folder."
At line:1 char:1
+ node verify_all_agents.js > test_output.txt 2>&1
+ ~~~~~~~~~~~~~~~~~~~~~~~~~~~~~~~~~~~~~~~~~~~~~~~~
    + CategoryInfo          : NotSpecified: (- Planni 
   ng: "Cr...e root folder.":String) [], RemoteExcep  
  tion
    + FullyQualifiedErrorId : NativeCommandError
 
- Finalizing...

--- [FILE_CREATION] FINAL SUMMARY ---
 To create a file called 'autonomy_test.txt' with the content 'Autonomy is working' in the root folder, I will use the following JSON command:

```json
{
  "name": "write_file",
  "path": "autonomy_test.txt",
  "content": "Autonomy is working"
}
```

Please confirm the task completion.


=== [FILE_EDIT] TESTING QUERY: "Append a line ' - Verified.' to the end of 'autonomy_test.txt'." ===
- Planning: "Append a line ' - Verified.' to the end 
of 'autonomy_test.txt'."
- Finalizing...

--- [FILE_EDIT] FINAL SUMMARY ---
 Here is a summary of the project actions for the user:

To complete your request, I will append the line " - Verified." to the end of "autonomy_test.txt" using the `write_file` tool. This is the attempt:

```
{
  "name": "write_file",
  "parameters": {
    "path": "autonomy_test.txt",
    "content": " - Verified."
  }
}
```

Please confirm if the task is completed successfully.


=== [GIT_COMMIT] TESTING QUERY: "Commit the file 'autonomy_test.txt' with a message 'test: verify autonomy hardening'" ===
- Planning: "Commit the file 'autonomy_test.txt' with 
a message 'test: verify autonomy hardening'"
